// Jest Snapshot v1, https://goo.gl/fbAQLP

exports[`Pruebas en <SearchPage /> debe de mostrarse correctamente con valores por defecto 1`] = `
<div>
  <div
    class="row"
  >
    <div
      class="col-5 mt-3"
    >
      <h2>
        Searching
      </h2>
      <hr />
      <form
        aria-label="form"
      >
        <input
          autocomplete="off"
          class="form-control"
          name="searchText"
          placeholder="Search a Hero"
          type="text"
          value=""
        />
        <button
          class="btn btn-outline-primary mt-1"
        >
          Search
        </button>
      </form>
    </div>
    <div
      class="col-7 mt-3"
    >
      <h2>
        Results
      </h2>
      <hr />
      <div
        aria-label="searchAlert"
        class="alert alert-primary"
        id="searchAlert"
      >
        Search Hero
      </div>
      <div
        aria-label="errorAlert"
        class="alert alert-danger"
        id="errorAlert"
        style="display: none;"
      >
        No hero with 
        <b />
      </div>
    </div>
  </div>
</div>
`;
